[ 2238565ms] [WARNING] HttpErrorResponse HttpErrorResponse @ http://localhost:4200/zamba/main.js:8447
[ 2238574ms] [ERROR] Error loading schedules: HttpErrorResponse @ http://localhost:4200/zamba/src_app_routes_zamba_schedule_schedule_module_ts.js:1335
[ 2238576ms] [ERROR] Failed to load resource: net::ERR_CONNECTION_REFUSED @ http://localhost:5000/api/ScheduleEvents?pageNumber=1&pageSize=10:0
[ 2437451ms] [INFO] [webpack-dev-server] Disconnected! @ http://localhost:4200/zamba/polyfills.js:6252
[ 2437452ms] [INFO] [webpack-dev-server] Trying to reconnect... @ http://localhost:4200/zamba/polyfills.js:6252
[ 2438550ms] [ERROR] WebSocket connection to 'ws://localhost:4200/zamba/ng-cli-ws' failed: Error in connection establishment: net::ERR_CONNECTION_REFUSED @ http://localhost:4200/zamba/polyfills.js:5319
[ 2438551ms] [ERROR] [webpack-dev-server] Event @ http://localhost:4200/zamba/polyfills.js:6260
[ 2438551ms] [INFO] [webpack-dev-server] Trying to reconnect... @ http://localhost:4200/zamba/polyfills.js:6252
[ 2440634ms] [ERROR] WebSocket connection to 'ws://localhost:4200/zamba/ng-cli-ws' failed: Error in connection establishment: net::ERR_CONNECTION_REFUSED @ http://localhost:4200/zamba/polyfills.js:5319
[ 2440634ms] [ERROR] [webpack-dev-server] Event @ http://localhost:4200/zamba/polyfills.js:6260
[ 2440634ms] [INFO] [webpack-dev-server] Trying to reconnect... @ http://localhost:4200/zamba/polyfills.js:6252
[ 2444696ms] [ERROR] WebSocket connection to 'ws://localhost:4200/zamba/ng-cli-ws' failed: Error in connection establishment: net::ERR_CONNECTION_REFUSED @ http://localhost:4200/zamba/polyfills.js:5319
[ 2444696ms] [ERROR] [webpack-dev-server] Event @ http://localhost:4200/zamba/polyfills.js:6260
[ 2444696ms] [INFO] [webpack-dev-server] Trying to reconnect... @ http://localhost:4200/zamba/polyfills.js:6252
[ 2452756ms] [ERROR] WebSocket connection to 'ws://localhost:4200/zamba/ng-cli-ws' failed: Error in connection establishment: net::ERR_CONNECTION_REFUSED @ http://localhost:4200/zamba/polyfills.js:5319
[ 2452757ms] [ERROR] [webpack-dev-server] Event @ http://localhost:4200/zamba/polyfills.js:6260
[ 2452757ms] [INFO] [webpack-dev-server] Trying to reconnect... @ http://localhost:4200/zamba/polyfills.js:6252
[ 2468798ms] [ERROR] WebSocket connection to 'ws://localhost:4200/zamba/ng-cli-ws' failed: Error in connection establishment: net::ERR_CONNECTION_REFUSED @ http://localhost:4200/zamba/polyfills.js:5319
[ 2468799ms] [ERROR] [webpack-dev-server] Event @ http://localhost:4200/zamba/polyfills.js:6260
[ 2468799ms] [INFO] [webpack-dev-server] Trying to reconnect... @ http://localhost:4200/zamba/polyfills.js:6252
