[    2114ms] [ERROR] ERROR RangeError: Invalid time value
    at format (http://localhost:4200/zamba/vendor.js:73733:11)
    at DateHelperByDateFns.format (http://localhost:4200/zamba/vendor.js:317801:71)
    at NzTimePickerComponent.setValue (http://localhost:4200/zamba/vendor.js:363214:39)
    at NzTimePickerComponent.writeValue (http://localhost:4200/zamba/vendor.js:363446:10)
    at setUpControl (http://localhost:4200/zamba/vendor.js:161460:21)
    at FormGroupDirective.addControl (http://localhost:4200/zamba/vendor.js:163550:5)
    at FormControlName._setUpControl (http://localhost:4200/zamba/vendor.js:164233:39)
    at FormControlName.ngOnChanges (http://localhost:4200/zamba/vendor.js:164182:28)
    at FormControlName.rememberChangeHistoryAndInvokeOnChangesHook (http://localhost:4200/zamba/vendor.js:129253:10)
    at callHookInternal (http://localhost:4200/zamba/vendor.js:130235:10)
    at callHook (http://localhost:4200/zamba/vendor.js:130262:5)
    at callHooks (http://localhost:4200/zamba/vendor.js:130219:9)
    at executeInitAndCheckHooks (http://localhost:4200/zamba/vendor.js:130173:5)
    at refreshView (http://localhost:4200/zamba/vendor.js:139459:11)
    at detectChangesInView (http://localhost:4200/zamba/vendor.js:139607:5)
    at detectChangesInEmbeddedViews (http://localhost:4200/zamba/vendor.js:139554:7)
    at refreshView (http://localhost:4200/zamba/vendor.js:139468:5)
    at detectChangesInView (http://localhost:4200/zamba/vendor.js:139607:5)
    at detectChangesInComponent (http://localhost:4200/zamba/vendor.js:139585:3)
    at detectChangesInChildComponents (http://localhost:4200/zamba/vendor.js:139619:5)
    at refreshView (http://localhost:4200/zamba/vendor.js:139495:7)
    at detectChangesInView (http://localhost:4200/zamba/vendor.js:139607:5) @ http://localhost:4200/zamba/vendor.js:136637
[   39998ms] [INFO] [webpack-dev-server] App updated. Recompiling... @ http://localhost:4200/zamba/polyfills.js:6252
