[      77ms] [ERROR] Access to XMLHttpRequest at 'http://localhost/ZambaWeb.RestApi/api/api/schedule/events?pageNumber=1&pageSize=10' from origin 'http://localhost:4200' has been blocked by CORS policy: Response to preflight request doesn't pass access control check: No 'Access-Control-Allow-Origin' header is present on the requested resource. @ http://localhost:4200/zamba/#/zamba/schedule:0
[      78ms] [WARNING] HttpErrorResponse HttpErrorResponse @ http://localhost:4200/zamba/main.js:8447
[      86ms] [ERROR] Error loading schedules: HttpErrorResponse @ http://localhost:4200/zamba/src_app_routes_zamba_schedule_schedule_module_ts.js:944
[      92ms] [ERROR] Failed to load resource: net::ERR_FAILED @ http://localhost/ZambaWeb.RestApi/api/api/schedule/events?pageNumber=1&pageSize=10:0
[      93ms] [ERROR] Access to XMLHttpRequest at 'http://localhost/ZambaWeb.RestApi/api/api/schedule/statistics' from origin 'http://localhost:4200' has been blocked by CORS policy: Response to preflight request doesn't pass access control check: No 'Access-Control-Allow-Origin' header is present on the requested resource. @ http://localhost:4200/zamba/#/zamba/schedule:0
[      94ms] [WARNING] HttpErrorResponse HttpErrorResponse @ http://localhost:4200/zamba/main.js:8447
[      95ms] [ERROR] Error loading statistics: HttpErrorResponse @ http://localhost:4200/zamba/src_app_routes_zamba_schedule_schedule_module_ts.js:958
[      96ms] [ERROR] Failed to load resource: net::ERR_FAILED @ http://localhost/ZambaWeb.RestApi/api/api/schedule/statistics:0
[    2481ms] [INFO] [webpack-dev-server] App updated. Reloading... @ http://localhost:4200/zamba/polyfills.js:6252
[    3535ms] [INFO] [webpack-dev-server] Server started: Hot Module Replacement disabled, Live Reloading enabled, Progress disabled, Overlay enabled. @ http://localhost:4200/zamba/polyfills.js:6252
[    5205ms] [ERROR] Access to XMLHttpRequest at 'http://localhost/ZambaWeb.RestApi/api/Dashboard/GetProfileImage' from origin 'http://localhost:4200' has been blocked by CORS policy: Response to preflight request doesn't pass access control check: No 'Access-Control-Allow-Origin' header is present on the requested resource. @ http://localhost:4200/zamba/#/zamba/schedule/new:0
[    5206ms] [WARNING] HttpErrorResponse HttpErrorResponse @ http://localhost:4200/zamba/main.js:8447
[    5207ms] [ERROR] Failed to load resource: net::ERR_FAILED @ http://localhost/ZambaWeb.RestApi/api/Dashboard/GetProfileImage:0
[    5252ms] [ERROR] ERROR HttpErrorResponse @ http://localhost:4200/zamba/vendor.js:136637
[    5267ms] [ERROR] Access to XMLHttpRequest at 'http://localhost/ZambaWeb.RestApi/api/Dashboard/getSidebarItems' from origin 'http://localhost:4200' has been blocked by CORS policy: Response to preflight request doesn't pass access control check: No 'Access-Control-Allow-Origin' header is present on the requested resource. @ http://localhost:4200/zamba/#/zamba/schedule/new:0
[    5268ms] [WARNING] HttpErrorResponse HttpErrorResponse @ http://localhost:4200/zamba/main.js:8447
[    5268ms] [WARNING] Network request failed HttpErrorResponse @ http://localhost:4200/zamba/main.js:20935
[    5269ms] [ERROR] Failed to load resource: net::ERR_FAILED @ http://localhost/ZambaWeb.RestApi/api/Dashboard/getSidebarItems:0
[    5274ms] [ERROR] Access to XMLHttpRequest at 'http://localhost/ZambaWeb.RestApi/api/Dashboard/getUserAllPermissions' from origin 'http://localhost:4200' has been blocked by CORS policy: Response to preflight request doesn't pass access control check: No 'Access-Control-Allow-Origin' header is present on the requested resource. @ http://localhost:4200/zamba/#/zamba/schedule/new:0
[    5274ms] [WARNING] HttpErrorResponse HttpErrorResponse @ http://localhost:4200/zamba/main.js:8447
[    5275ms] [WARNING] Network request failed HttpErrorResponse @ http://localhost:4200/zamba/main.js:20626
[    5276ms] [ERROR] Failed to load resource: net::ERR_FAILED @ http://localhost/ZambaWeb.RestApi/api/Dashboard/getUserAllPermissions:0
[    5279ms] [ERROR] ERROR SyntaxError: "[object Object]" is not valid JSON
    at JSON.parse (<anonymous>)
    at http://localhost:4200/zamba/main.js:20939:22
    at http://localhost:4200/zamba/vendor.js:82234:31
    at OperatorSubscriber._next (http://localhost:4200/zamba/vendor.js:81519:9)
    at OperatorSubscriber.next (http://localhost:4200/zamba/vendor.js:80335:12)
    at Observable._subscribe (http://localhost:4200/zamba/vendor.js:81229:18)
    at Observable._trySubscribe (http://localhost:4200/zamba/vendor.js:79960:19)
    at http://localhost:4200/zamba/vendor.js:79954:113
    at errorContext (http://localhost:4200/zamba/vendor.js:84406:5)
    at Observable.subscribe (http://localhost:4200/zamba/vendor.js:79949:69)
    at http://localhost:4200/zamba/vendor.js:81660:23
    at OperatorSubscriber._error (http://localhost:4200/zamba/vendor.js:81526:9)
    at OperatorSubscriber.error (http://localhost:4200/zamba/vendor.js:80343:12)
    at OperatorSubscriber._error (http://localhost:4200/zamba/vendor.js:80366:24)
    at OperatorSubscriber.error (http://localhost:4200/zamba/vendor.js:80343:12)
    at OperatorSubscriber._error (http://localhost:4200/zamba/vendor.js:80366:24)
    at OperatorSubscriber.error (http://localhost:4200/zamba/vendor.js:80343:12)
    at OperatorSubscriber._error (http://localhost:4200/zamba/vendor.js:80366:24)
    at OperatorSubscriber.error (http://localhost:4200/zamba/vendor.js:80343:12)
    at OperatorSubscriber._error (http://localhost:4200/zamba/vendor.js:80366:24)
    at OperatorSubscriber.error (http://localhost:4200/zamba/vendor.js:80343:12)
    at Observable.init [as _subscribe] (http://localhost:4200/zamba/vendor.js:81385:41) @ http://localhost:4200/zamba/vendor.js:136637
[   26432ms] [INFO] [webpack-dev-server] App updated. Recompiling... @ http://localhost:4200/zamba/polyfills.js:6252
[   32104ms] [INFO] [webpack-dev-server] App updated. Reloading... @ http://localhost:4200/zamba/polyfills.js:6252
[   32686ms] [INFO] [webpack-dev-server] Server started: Hot Module Replacement disabled, Live Reloading enabled, Progress disabled, Overlay enabled. @ http://localhost:4200/zamba/polyfills.js:6252
[   35182ms] [ERROR] Access to XMLHttpRequest at 'http://localhost/ZambaWeb.RestApi/api/Dashboard/GetProfileImage' from origin 'http://localhost:4200' has been blocked by CORS policy: Response to preflight request doesn't pass access control check: No 'Access-Control-Allow-Origin' header is present on the requested resource. @ http://localhost:4200/zamba/#/zamba/schedule/new:0
[   35184ms] [WARNING] HttpErrorResponse HttpErrorResponse @ http://localhost:4200/zamba/main.js:8447
[   35185ms] [ERROR] Failed to load resource: net::ERR_FAILED @ http://localhost/ZambaWeb.RestApi/api/Dashboard/GetProfileImage:0
[   35255ms] [ERROR] ERROR HttpErrorResponse @ http://localhost:4200/zamba/vendor.js:136637
[   35259ms] [ERROR] Access to XMLHttpRequest at 'http://localhost/ZambaWeb.RestApi/api/Dashboard/getSidebarItems' from origin 'http://localhost:4200' has been blocked by CORS policy: Response to preflight request doesn't pass access control check: No 'Access-Control-Allow-Origin' header is present on the requested resource. @ http://localhost:4200/zamba/#/zamba/schedule/new:0
[   35261ms] [WARNING] HttpErrorResponse HttpErrorResponse @ http://localhost:4200/zamba/main.js:8447
[   35262ms] [WARNING] Network request failed HttpErrorResponse @ http://localhost:4200/zamba/main.js:20935
[   35264ms] [ERROR] Failed to load resource: net::ERR_FAILED @ http://localhost/ZambaWeb.RestApi/api/Dashboard/getSidebarItems:0
[   35264ms] [ERROR] Access to XMLHttpRequest at 'http://localhost/ZambaWeb.RestApi/api/Dashboard/getUserAllPermissions' from origin 'http://localhost:4200' has been blocked by CORS policy: Response to preflight request doesn't pass access control check: No 'Access-Control-Allow-Origin' header is present on the requested resource. @ http://localhost:4200/zamba/#/zamba/schedule/new:0
[   35265ms] [WARNING] HttpErrorResponse HttpErrorResponse @ http://localhost:4200/zamba/main.js:8447
[   35266ms] [WARNING] Network request failed HttpErrorResponse @ http://localhost:4200/zamba/main.js:20626
[   35267ms] [ERROR] Failed to load resource: net::ERR_FAILED @ http://localhost/ZambaWeb.RestApi/api/Dashboard/getUserAllPermissions:0
[   35299ms] [ERROR] ERROR SyntaxError: "[object Object]" is not valid JSON
    at JSON.parse (<anonymous>)
    at http://localhost:4200/zamba/main.js:20939:22
    at http://localhost:4200/zamba/vendor.js:82234:31
    at OperatorSubscriber._next (http://localhost:4200/zamba/vendor.js:81519:9)
    at OperatorSubscriber.next (http://localhost:4200/zamba/vendor.js:80335:12)
    at Observable._subscribe (http://localhost:4200/zamba/vendor.js:81229:18)
    at Observable._trySubscribe (http://localhost:4200/zamba/vendor.js:79960:19)
    at http://localhost:4200/zamba/vendor.js:79954:113
    at errorContext (http://localhost:4200/zamba/vendor.js:84406:5)
    at Observable.subscribe (http://localhost:4200/zamba/vendor.js:79949:69)
    at http://localhost:4200/zamba/vendor.js:81660:23
    at OperatorSubscriber._error (http://localhost:4200/zamba/vendor.js:81526:9)
    at OperatorSubscriber.error (http://localhost:4200/zamba/vendor.js:80343:12)
    at OperatorSubscriber._error (http://localhost:4200/zamba/vendor.js:80366:24)
    at OperatorSubscriber.error (http://localhost:4200/zamba/vendor.js:80343:12)
    at OperatorSubscriber._error (http://localhost:4200/zamba/vendor.js:80366:24)
    at OperatorSubscriber.error (http://localhost:4200/zamba/vendor.js:80343:12)
    at OperatorSubscriber._error (http://localhost:4200/zamba/vendor.js:80366:24)
    at OperatorSubscriber.error (http://localhost:4200/zamba/vendor.js:80343:12)
    at OperatorSubscriber._error (http://localhost:4200/zamba/vendor.js:80366:24)
    at OperatorSubscriber.error (http://localhost:4200/zamba/vendor.js:80343:12)
    at Observable.init [as _subscribe] (http://localhost:4200/zamba/vendor.js:81385:41) @ http://localhost:4200/zamba/vendor.js:136637
[  841522ms] [INFO] [webpack-dev-server] App updated. Recompiling... @ http://localhost:4200/zamba/polyfills.js:6252
[  857131ms] [INFO] [webpack-dev-server] App updated. Reloading... @ http://localhost:4200/zamba/polyfills.js:6252
[  857650ms] [INFO] [webpack-dev-server] Server started: Hot Module Replacement disabled, Live Reloading enabled, Progress disabled, Overlay enabled. @ http://localhost:4200/zamba/polyfills.js:6252
[  862334ms] [WARNING] HttpErrorResponse HttpErrorResponse @ http://localhost:4200/zamba/main.js:8447
[  862335ms] [ERROR] Failed to load resource: net::ERR_CONNECTION_REFUSED @ http://localhost:44301/ZambaWeb.RestApi/api/Dashboard/GetProfileImage:0
[  862365ms] [ERROR] ERROR HttpErrorResponse @ http://localhost:4200/zamba/vendor.js:136637
[  862368ms] [WARNING] HttpErrorResponse HttpErrorResponse @ http://localhost:4200/zamba/main.js:8447
[  862369ms] [WARNING] Network request failed HttpErrorResponse @ http://localhost:4200/zamba/main.js:21055
[  862371ms] [ERROR] Failed to load resource: net::ERR_CONNECTION_REFUSED @ http://localhost:44301/ZambaWeb.RestApi/api/Dashboard/getSidebarItems:0
[  862373ms] [ERROR] ERROR SyntaxError: "[object Object]" is not valid JSON
    at JSON.parse (<anonymous>)
    at http://localhost:4200/zamba/main.js:21059:22
    at http://localhost:4200/zamba/vendor.js:82234:31
    at OperatorSubscriber._next (http://localhost:4200/zamba/vendor.js:81519:9)
    at OperatorSubscriber.next (http://localhost:4200/zamba/vendor.js:80335:12)
    at Observable._subscribe (http://localhost:4200/zamba/vendor.js:81229:18)
    at Observable._trySubscribe (http://localhost:4200/zamba/vendor.js:79960:19)
    at http://localhost:4200/zamba/vendor.js:79954:113
    at errorContext (http://localhost:4200/zamba/vendor.js:84406:5)
    at Observable.subscribe (http://localhost:4200/zamba/vendor.js:79949:69)
    at http://localhost:4200/zamba/vendor.js:81660:23
    at OperatorSubscriber._error (http://localhost:4200/zamba/vendor.js:81526:9)
    at OperatorSubscriber.error (http://localhost:4200/zamba/vendor.js:80343:12)
    at OperatorSubscriber._error (http://localhost:4200/zamba/vendor.js:80366:24)
    at OperatorSubscriber.error (http://localhost:4200/zamba/vendor.js:80343:12)
    at OperatorSubscriber._error (http://localhost:4200/zamba/vendor.js:80366:24)
    at OperatorSubscriber.error (http://localhost:4200/zamba/vendor.js:80343:12)
    at OperatorSubscriber._error (http://localhost:4200/zamba/vendor.js:80366:24)
    at OperatorSubscriber.error (http://localhost:4200/zamba/vendor.js:80343:12)
    at OperatorSubscriber._error (http://localhost:4200/zamba/vendor.js:80366:24)
    at OperatorSubscriber.error (http://localhost:4200/zamba/vendor.js:80343:12)
    at Observable.init [as _subscribe] (http://localhost:4200/zamba/vendor.js:81385:41) @ http://localhost:4200/zamba/vendor.js:136637
[  862403ms] [WARNING] HttpErrorResponse HttpErrorResponse @ http://localhost:4200/zamba/main.js:8447
[  862404ms] [WARNING] Network request failed HttpErrorResponse @ http://localhost:4200/zamba/main.js:20746
[  862406ms] [ERROR] Failed to load resource: net::ERR_CONNECTION_REFUSED @ http://localhost:44301/ZambaWeb.RestApi/api/Dashboard/getUserAllPermissions:0
[  928388ms] [INFO] [webpack-dev-server] App updated. Recompiling... @ http://localhost:4200/zamba/polyfills.js:6252
[  936661ms] [INFO] [webpack-dev-server] App updated. Reloading... @ http://localhost:4200/zamba/polyfills.js:6252
[  936853ms] [INFO] [webpack-dev-server] App updated. Recompiling... @ http://localhost:4200/zamba/polyfills.js:6252
[  943805ms] [INFO] [webpack-dev-server] Server started: Hot Module Replacement disabled, Live Reloading enabled, Progress disabled, Overlay enabled. @ http://localhost:4200/zamba/polyfills.js:6252
[  946389ms] [WARNING] HttpErrorResponse HttpErrorResponse @ http://localhost:4200/zamba/main.js:8447
[  946390ms] [ERROR] Failed to load resource: net::ERR_CONNECTION_REFUSED @ http://localhost:44301/ZambaWeb.RestApi/api/Dashboard/GetProfileImage:0
[  946419ms] [ERROR] ERROR HttpErrorResponse @ http://localhost:4200/zamba/vendor.js:136637
[  946420ms] [WARNING] HttpErrorResponse HttpErrorResponse @ http://localhost:4200/zamba/main.js:8447
[  946421ms] [WARNING] Network request failed HttpErrorResponse @ http://localhost:4200/zamba/main.js:21055
[  946422ms] [ERROR] Failed to load resource: net::ERR_CONNECTION_REFUSED @ http://localhost:44301/ZambaWeb.RestApi/api/Dashboard/getSidebarItems:0
[  946425ms] [WARNING] HttpErrorResponse HttpErrorResponse @ http://localhost:4200/zamba/main.js:8447
[  946425ms] [WARNING] Network request failed HttpErrorResponse @ http://localhost:4200/zamba/main.js:20746
[  946430ms] [ERROR] Failed to load resource: net::ERR_CONNECTION_REFUSED @ http://localhost:44301/ZambaWeb.RestApi/api/Dashboard/getUserAllPermissions:0
[  946431ms] [ERROR] ERROR SyntaxError: "[object Object]" is not valid JSON
    at JSON.parse (<anonymous>)
    at http://localhost:4200/zamba/main.js:21059:22
    at http://localhost:4200/zamba/vendor.js:82234:31
    at OperatorSubscriber._next (http://localhost:4200/zamba/vendor.js:81519:9)
    at OperatorSubscriber.next (http://localhost:4200/zamba/vendor.js:80335:12)
    at Observable._subscribe (http://localhost:4200/zamba/vendor.js:81229:18)
    at Observable._trySubscribe (http://localhost:4200/zamba/vendor.js:79960:19)
    at http://localhost:4200/zamba/vendor.js:79954:113
    at errorContext (http://localhost:4200/zamba/vendor.js:84406:5)
    at Observable.subscribe (http://localhost:4200/zamba/vendor.js:79949:69)
    at http://localhost:4200/zamba/vendor.js:81660:23
    at OperatorSubscriber._error (http://localhost:4200/zamba/vendor.js:81526:9)
    at OperatorSubscriber.error (http://localhost:4200/zamba/vendor.js:80343:12)
    at OperatorSubscriber._error (http://localhost:4200/zamba/vendor.js:80366:24)
    at OperatorSubscriber.error (http://localhost:4200/zamba/vendor.js:80343:12)
    at OperatorSubscriber._error (http://localhost:4200/zamba/vendor.js:80366:24)
    at OperatorSubscriber.error (http://localhost:4200/zamba/vendor.js:80343:12)
    at OperatorSubscriber._error (http://localhost:4200/zamba/vendor.js:80366:24)
    at OperatorSubscriber.error (http://localhost:4200/zamba/vendor.js:80343:12)
    at OperatorSubscriber._error (http://localhost:4200/zamba/vendor.js:80366:24)
    at OperatorSubscriber.error (http://localhost:4200/zamba/vendor.js:80343:12)
    at Observable.init [as _subscribe] (http://localhost:4200/zamba/vendor.js:81385:41) @ http://localhost:4200/zamba/vendor.js:136637
