[     112ms] [ERROR] Access to XMLHttpRequest at 'http://localhost/ZambaWeb.RestApi/api/api/schedule/statistics' from origin 'http://localhost:4200' has been blocked by CORS policy: Response to preflight request doesn't pass access control check: No 'Access-Control-Allow-Origin' header is present on the requested resource. @ http://localhost:4200/zamba/#/zamba/schedule:0
[     113ms] [WARNING] HttpErrorResponse HttpErrorResponse @ http://localhost:4200/zamba/main.js:8447
[     114ms] [ERROR] Error loading statistics: HttpErrorResponse @ http://localhost:4200/zamba/src_app_routes_zamba_schedule_schedule_module_ts.js:974
[     114ms] [ERROR] Failed to load resource: net::ERR_FAILED @ http://localhost/ZambaWeb.RestApi/api/api/schedule/statistics:0
[     114ms] [ERROR] Access to XMLHttpRequest at 'http://localhost/ZambaWeb.RestApi/api/api/schedule/events?pageNumber=1&pageSize=10' from origin 'http://localhost:4200' has been blocked by CORS policy: Response to preflight request doesn't pass access control check: No 'Access-Control-Allow-Origin' header is present on the requested resource. @ http://localhost:4200/zamba/#/zamba/schedule:0
[     115ms] [WARNING] HttpErrorResponse HttpErrorResponse @ http://localhost:4200/zamba/main.js:8447
[     124ms] [ERROR] Error loading schedules: HttpErrorResponse @ http://localhost:4200/zamba/src_app_routes_zamba_schedule_schedule_module_ts.js:960
[     126ms] [ERROR] Failed to load resource: net::ERR_FAILED @ http://localhost/ZambaWeb.RestApi/api/api/schedule/events?pageNumber=1&pageSize=10:0
[    7882ms] [INFO] [webpack-dev-server] App updated. Reloading... @ http://localhost:4200/zamba/polyfills.js:6252
[    7980ms] [INFO] [webpack-dev-server] App updated. Recompiling... @ http://localhost:4200/zamba/polyfills.js:6252
[   13681ms] [INFO] [webpack-dev-server] Server started: Hot Module Replacement disabled, Live Reloading enabled, Progress disabled, Overlay enabled. @ http://localhost:4200/zamba/polyfills.js:6252
[   16810ms] [ERROR] Access to XMLHttpRequest at 'http://localhost/ZambaWeb.RestApi/api/Dashboard/GetProfileImage' from origin 'http://localhost:4200' has been blocked by CORS policy: Response to preflight request doesn't pass access control check: No 'Access-Control-Allow-Origin' header is present on the requested resource. @ http://localhost:4200/zamba/#/zamba/schedule/new:0
[   16812ms] [WARNING] HttpErrorResponse HttpErrorResponse @ http://localhost:4200/zamba/main.js:8447
[   16813ms] [ERROR] Failed to load resource: net::ERR_FAILED @ http://localhost/ZambaWeb.RestApi/api/Dashboard/GetProfileImage:0
[   16838ms] [ERROR] ERROR HttpErrorResponse @ http://localhost:4200/zamba/vendor.js:136637
[   16838ms] [ERROR] Access to XMLHttpRequest at 'http://localhost/ZambaWeb.RestApi/api/Dashboard/getSidebarItems' from origin 'http://localhost:4200' has been blocked by CORS policy: Response to preflight request doesn't pass access control check: No 'Access-Control-Allow-Origin' header is present on the requested resource. @ http://localhost:4200/zamba/#/zamba/schedule/new:0
[   16839ms] [WARNING] HttpErrorResponse HttpErrorResponse @ http://localhost:4200/zamba/main.js:8447
[   16839ms] [WARNING] Network request failed HttpErrorResponse @ http://localhost:4200/zamba/main.js:20935
[   16841ms] [ERROR] Failed to load resource: net::ERR_FAILED @ http://localhost/ZambaWeb.RestApi/api/Dashboard/getSidebarItems:0
[   16845ms] [ERROR] Access to XMLHttpRequest at 'http://localhost/ZambaWeb.RestApi/api/Dashboard/getUserAllPermissions' from origin 'http://localhost:4200' has been blocked by CORS policy: Response to preflight request doesn't pass access control check: No 'Access-Control-Allow-Origin' header is present on the requested resource. @ http://localhost:4200/zamba/#/zamba/schedule/new:0
[   16845ms] [WARNING] HttpErrorResponse HttpErrorResponse @ http://localhost:4200/zamba/main.js:8447
[   16846ms] [WARNING] Network request failed HttpErrorResponse @ http://localhost:4200/zamba/main.js:20626
[   16847ms] [ERROR] Failed to load resource: net::ERR_FAILED @ http://localhost/ZambaWeb.RestApi/api/Dashboard/getUserAllPermissions:0
[   16847ms] [ERROR] ERROR SyntaxError: "[object Object]" is not valid JSON
    at JSON.parse (<anonymous>)
    at http://localhost:4200/zamba/main.js:20939:22
    at http://localhost:4200/zamba/vendor.js:82234:31
    at OperatorSubscriber._next (http://localhost:4200/zamba/vendor.js:81519:9)
    at OperatorSubscriber.next (http://localhost:4200/zamba/vendor.js:80335:12)
    at Observable._subscribe (http://localhost:4200/zamba/vendor.js:81229:18)
    at Observable._trySubscribe (http://localhost:4200/zamba/vendor.js:79960:19)
    at http://localhost:4200/zamba/vendor.js:79954:113
    at errorContext (http://localhost:4200/zamba/vendor.js:84406:5)
    at Observable.subscribe (http://localhost:4200/zamba/vendor.js:79949:69)
    at http://localhost:4200/zamba/vendor.js:81660:23
    at OperatorSubscriber._error (http://localhost:4200/zamba/vendor.js:81526:9)
    at OperatorSubscriber.error (http://localhost:4200/zamba/vendor.js:80343:12)
    at OperatorSubscriber._error (http://localhost:4200/zamba/vendor.js:80366:24)
    at OperatorSubscriber.error (http://localhost:4200/zamba/vendor.js:80343:12)
    at OperatorSubscriber._error (http://localhost:4200/zamba/vendor.js:80366:24)
    at OperatorSubscriber.error (http://localhost:4200/zamba/vendor.js:80343:12)
    at OperatorSubscriber._error (http://localhost:4200/zamba/vendor.js:80366:24)
    at OperatorSubscriber.error (http://localhost:4200/zamba/vendor.js:80343:12)
    at OperatorSubscriber._error (http://localhost:4200/zamba/vendor.js:80366:24)
    at OperatorSubscriber.error (http://localhost:4200/zamba/vendor.js:80343:12)
    at Observable.init [as _subscribe] (http://localhost:4200/zamba/vendor.js:81385:41) @ http://localhost:4200/zamba/vendor.js:136637
[   34030ms] [INFO] [webpack-dev-server] App updated. Recompiling... @ http://localhost:4200/zamba/polyfills.js:6252
